// Jest Snapshot v1, https://goo.gl/fbAQLP

exports[`Check Order Details Check SnapShot of Order 1`] = `
<section
  className="container"
  id="order"
>
  <div
    className="OrderDetails"
  >
    <div
      className="detail"
    >
      <h1>
        SHIPPING 
      </h1>
      <p>
        Address: 
        202,Pipload
         , 
        Surat
         ,
        456123
        , 
        India
      </p>
    </div>
    <div
      className="detail"
    >
      <h1>
        PAYMENT METHOD
      </h1>
      <p>
        Method: 
        PayPal or Credit Card
      </p>
    </div>
    <div
      className="order-details"
    >
      <h1>
        ORDER ITEMS
      </h1>
      <ul
        className="order-list"
      >
        <ul
          className="list"
        >
          <li
            className="list-item"
          >
            <img
              alt="Image"
              src="/Photos/image-1627384388351.webp"
            />
            <a
              href="/product/60d5e622e5179e2bb44bd838"
              onClick={[Function]}
            >
              Airpods Wireless Bluetooth Headphones
            </a>
            <p>
              89.99
            </p>
            <div
              className="quantity"
            >
              <label>
                Qty
              </label>
              <div>
                2
              </div>
            </div>
          </li>
        </ul>
        <ul
          className="list"
        >
          <li
            className="list-item"
          >
            <img
              alt="Image"
              src="/Photos/image-1627385386692.webp"
            />
            <a
              href="/product/60d5e622e5179e2bb44bd83c"
              onClick={[Function]}
            >
              Logtech mouse
            </a>
            <p>
              929.99
            </p>
            <div
              className="quantity"
            >
              <label>
                Qty
              </label>
              <div>
                1
              </div>
            </div>
          </li>
        </ul>
      </ul>
    </div>
  </div>
  <div
    className="OrderSummary"
  >
    <form
      data-testid="PlaceOrder"
      onSubmit={[Function]}
    >
      <ul
        className="checkout"
      >
        <h1>
          ORDER SUMMARY
        </h1>
        <li>
          Items Cost : 
          <span>
             
            2000
          </span>
        </li>
        <li>
          Shipping Cost :
          <span
            data-testid="ShippingCost"
          >
            0
          </span>
        </li>
        <li>
          Tax Cost :
          <span
            data-testid="TaxCost"
          >
            200
          </span>
        </li>
        <li>
          Total Cost :
          <span
            data-testid="TotalAmount"
          >
            2200
          </span>
        </li>
        <li />
      </ul>
      <input
        className="btn"
        disabled={false}
        onClick={[Function]}
        type="submit"
        value="Place Order"
      />
    </form>
  </div>
</section>
`;
